// Jest Snapshot v1, https://goo.gl/fbAQLP

exports[`renders correctly 1`] = `
<View
  accessible={true}
  focusable={false}
  onClick={[Function]}
  onResponderGrant={[Function]}
  onResponderMove={[Function]}
  onResponderRelease={[Function]}
  onResponderTerminate={[Function]}
  onResponderTerminationRequest={[Function]}
  onStartShouldSetResponder={[Function]}
  style={
    Object {
      "backgroundColor": "#bbe1fa",
      "borderBottomWidth": 1,
      "borderColor": "#eee",
      "opacity": 1,
      "padding": 15,
    }
  }
>
  <View
    style={
      Object {
        "alignItems": "center",
        "flexDirection": "row",
        "justifyContent": "space-between",
      }
    }
  >
    <Text
      style={
        Object {
          "color": "#1b262c",
          "fontSize": 18,
        }
      }
    >
      Herro!
    </Text>
    <Text
      allowFontScaling={false}
      style={
        Array [
          Object {
            "color": "firebrick",
            "fontSize": 20,
          },
          undefined,
          Object {
            "fontFamily": "FontAwesome",
            "fontStyle": "normal",
            "fontWeight": "normal",
          },
          Object {},
        ]
      }
      testID="removeArticle"
    >
      
    </Text>
  </View>
</View>
`;
