// Jest Snapshot v1, https://goo.gl/fbAQLP

exports[`renders correctly 1`] = `
<View
  style={
    Object {
      "backgroundColor": "#0f4c75",
      "height": "12%",
    }
  }
>
  <Image
    source={
      Object {
        "testUri": "../../../src/images/title.png",
      }
    }
    style={
      Object {
        "alignSelf": "center",
        "marginTop": "3%",
        "padding": "3%",
      }
    }
  />
</View>
`;
